// Jest Snapshot v1, https://goo.gl/fbAQLP

exports[`Board will render properly 1`] = `
<DocumentFragment>
  <form
    class="new-card-form new-card-form__form"
  >
    <header
      class="new-card-form__header"
    >
      Submit a card!
    </header>
    <label
      class="new-card-form__form-label"
      for="text"
    >
      Your message:
    </label>
    <input
      class=" new-card-form__form-textarea"
      name="text"
      placeholder="text"
      value=""
    />
    <label
      class="new-card-form__form-label"
      for="emoji"
    >
      Emoji:
    </label>
    <input
      class="new-card-form__form-label new-card-form__form-textarea"
      name="emoji"
      placeholder="emoji"
      value=""
    />
    <input
      class="new-card-form__form-button"
      type="submit"
      value="Add Card"
    />
  </form>
</DocumentFragment>
`;

exports[`Board will render the NewCardForm properly 1`] = `
<DocumentFragment>
  <form
    class="new-card-form new-card-form__form"
  >
    <header
      class="new-card-form__header"
    >
      Submit a card!
    </header>
    <label
      class="new-card-form__form-label"
      for="text"
    >
      Your message:
    </label>
    <input
      class=" new-card-form__form-textarea"
      name="text"
      placeholder="text"
      value=""
    />
    <label
      class="new-card-form__form-label"
      for="emoji"
    >
      Emoji:
    </label>
    <input
      class="new-card-form__form-label new-card-form__form-textarea"
      name="emoji"
      placeholder="emoji"
      value=""
    />
    <input
      class="new-card-form__form-button"
      type="submit"
      value="Add Card"
    />
  </form>
</DocumentFragment>
`;

exports[`Board will render the add properly 1`] = `
<DocumentFragment>
  <form
    class="new-card-form new-card-form__form"
  >
    <header
      class="new-card-form__header"
    >
      Submit a card!
    </header>
    <label
      class="new-card-form__form-label"
      for="text"
    >
      Your message:
    </label>
    <input
      class=" new-card-form__form-textarea"
      name="text"
      placeholder="text"
      value=""
    />
    <label
      class="new-card-form__form-label"
      for="emoji"
    >
      Emoji:
    </label>
    <input
      class="new-card-form__form-label new-card-form__form-textarea"
      name="emoji"
      placeholder="emoji"
      value=""
    />
    <input
      class="new-card-form__form-button"
      type="submit"
      value="Add Card"
    />
  </form>
</DocumentFragment>
`;
